Analysis & Synthesis report for TempoReacao
Fri May 30 16:07:03 2014
Quartus II 32-bit Version 13.1.2 Build 173 01/15/2014 SJ Full Version


---------------------
; Table of Contents ;
---------------------
  1. Legal Notice
  2. Analysis & Synthesis Summary
  3. Analysis & Synthesis Settings
  4. Parallel Compilation
  5. Analysis & Synthesis Messages



----------------
; Legal Notice ;
----------------
Copyright (C) 1991-2014 Altera Corporation
Your use of Altera Corporation's design tools, logic functions 
and other software and tools, and its AMPP partner logic 
functions, and any output files from any of the foregoing 
(including device programming or simulation files), and any 
associated documentation or information are expressly subject 
to the terms and conditions of the Altera Program License 
Subscription Agreement, Altera MegaCore Function License 
Agreement, or other applicable license agreement, including, 
without limitation, that your use is for the sole purpose of 
programming logic devices manufactured by Altera and sold by 
Altera or its authorized distributors.  Please refer to the 
applicable agreement for further details.



+----------------------------------------------------------------------------------+
; Analysis & Synthesis Summary                                                     ;
+------------------------------------+---------------------------------------------+
; Analysis & Synthesis Status        ; Failed - Fri May 30 16:07:03 2014           ;
; Quartus II 32-bit Version          ; 13.1.2 Build 173 01/15/2014 SJ Full Version ;
; Revision Name                      ; TempoReacao                                 ;
; Top-level Entity Name              ; ReactionTimer                               ;
; Family                             ; Cyclone IV E                                ;
; Total logic elements               ; N/A until Partition Merge                   ;
;     Total combinational functions  ; N/A until Partition Merge                   ;
;     Dedicated logic registers      ; N/A until Partition Merge                   ;
; Total registers                    ; N/A until Partition Merge                   ;
; Total pins                         ; N/A until Partition Merge                   ;
; Total virtual pins                 ; N/A until Partition Merge                   ;
; Total memory bits                  ; N/A until Partition Merge                   ;
; Embedded Multiplier 9-bit elements ; N/A until Partition Merge                   ;
; Total PLLs                         ; N/A until Partition Merge                   ;
+------------------------------------+---------------------------------------------+


+----------------------------------------------------------------------------------------------------------------------+
; Analysis & Synthesis Settings                                                                                        ;
+----------------------------------------------------------------------------+--------------------+--------------------+
; Option                                                                     ; Setting            ; Default Value      ;
+----------------------------------------------------------------------------+--------------------+--------------------+
; Device                                                                     ; EP4CE115F29C7      ;                    ;
; Top-level entity name                                                      ; ReactionTimer      ; TempoReacao        ;
; Family name                                                                ; Cyclone IV E       ; Cyclone IV GX      ;
; VHDL Show LMF Mapping Messages                                             ; Off                ;                    ;
; VHDL Version                                                               ; VHDL_2008          ; VHDL_1993          ;
; Use smart compilation                                                      ; Off                ; Off                ;
; Enable parallel Assembler and TimeQuest Timing Analyzer during compilation ; On                 ; On                 ;
; Enable compact report table                                                ; Off                ; Off                ;
; Restructure Multiplexers                                                   ; Auto               ; Auto               ;
; Create Debugging Nodes for IP Cores                                        ; Off                ; Off                ;
; Preserve fewer node names                                                  ; On                 ; On                 ;
; Disable OpenCore Plus hardware evaluation                                  ; Off                ; Off                ;
; Verilog Version                                                            ; Verilog_2001       ; Verilog_2001       ;
; State Machine Processing                                                   ; Auto               ; Auto               ;
; Safe State Machine                                                         ; Off                ; Off                ;
; Extract Verilog State Machines                                             ; On                 ; On                 ;
; Extract VHDL State Machines                                                ; On                 ; On                 ;
; Ignore Verilog initial constructs                                          ; Off                ; Off                ;
; Iteration limit for constant Verilog loops                                 ; 5000               ; 5000               ;
; Iteration limit for non-constant Verilog loops                             ; 250                ; 250                ;
; Add Pass-Through Logic to Inferred RAMs                                    ; On                 ; On                 ;
; Infer RAMs from Raw Logic                                                  ; On                 ; On                 ;
; Parallel Synthesis                                                         ; On                 ; On                 ;
; DSP Block Balancing                                                        ; Auto               ; Auto               ;
; NOT Gate Push-Back                                                         ; On                 ; On                 ;
; Power-Up Don't Care                                                        ; On                 ; On                 ;
; Remove Redundant Logic Cells                                               ; Off                ; Off                ;
; Remove Duplicate Registers                                                 ; On                 ; On                 ;
; Ignore CARRY Buffers                                                       ; Off                ; Off                ;
; Ignore CASCADE Buffers                                                     ; Off                ; Off                ;
; Ignore GLOBAL Buffers                                                      ; Off                ; Off                ;
; Ignore ROW GLOBAL Buffers                                                  ; Off                ; Off                ;
; Ignore LCELL Buffers                                                       ; Off                ; Off                ;
; Ignore SOFT Buffers                                                        ; On                 ; On                 ;
; Limit AHDL Integers to 32 Bits                                             ; Off                ; Off                ;
; Optimization Technique                                                     ; Balanced           ; Balanced           ;
; Carry Chain Length                                                         ; 70                 ; 70                 ;
; Auto Carry Chains                                                          ; On                 ; On                 ;
; Auto Open-Drain Pins                                                       ; On                 ; On                 ;
; Perform WYSIWYG Primitive Resynthesis                                      ; Off                ; Off                ;
; Auto ROM Replacement                                                       ; On                 ; On                 ;
; Auto RAM Replacement                                                       ; On                 ; On                 ;
; Auto DSP Block Replacement                                                 ; On                 ; On                 ;
; Auto Shift Register Replacement                                            ; Auto               ; Auto               ;
; Allow Shift Register Merging across Hierarchies                            ; Auto               ; Auto               ;
; Auto Clock Enable Replacement                                              ; On                 ; On                 ;
; Strict RAM Replacement                                                     ; Off                ; Off                ;
; Allow Synchronous Control Signals                                          ; On                 ; On                 ;
; Force Use of Synchronous Clear Signals                                     ; Off                ; Off                ;
; Auto RAM Block Balancing                                                   ; On                 ; On                 ;
; Auto RAM to Logic Cell Conversion                                          ; Off                ; Off                ;
; Auto Resource Sharing                                                      ; Off                ; Off                ;
; Allow Any RAM Size For Recognition                                         ; Off                ; Off                ;
; Allow Any ROM Size For Recognition                                         ; Off                ; Off                ;
; Allow Any Shift Register Size For Recognition                              ; Off                ; Off                ;
; Use LogicLock Constraints during Resource Balancing                        ; On                 ; On                 ;
; Ignore translate_off and synthesis_off directives                          ; Off                ; Off                ;
; Timing-Driven Synthesis                                                    ; On                 ; On                 ;
; Report Parameter Settings                                                  ; On                 ; On                 ;
; Report Source Assignments                                                  ; On                 ; On                 ;
; Report Connectivity Checks                                                 ; On                 ; On                 ;
; Ignore Maximum Fan-Out Assignments                                         ; Off                ; Off                ;
; Synchronization Register Chain Length                                      ; 2                  ; 2                  ;
; PowerPlay Power Optimization                                               ; Normal compilation ; Normal compilation ;
; HDL message level                                                          ; Level2             ; Level2             ;
; Suppress Register Optimization Related Messages                            ; Off                ; Off                ;
; Number of Removed Registers Reported in Synthesis Report                   ; 5000               ; 5000               ;
; Number of Swept Nodes Reported in Synthesis Report                         ; 5000               ; 5000               ;
; Number of Inverted Registers Reported in Synthesis Report                  ; 100                ; 100                ;
; Clock MUX Protection                                                       ; On                 ; On                 ;
; Auto Gated Clock Conversion                                                ; Off                ; Off                ;
; Block Design Naming                                                        ; Auto               ; Auto               ;
; SDC constraint protection                                                  ; Off                ; Off                ;
; Synthesis Effort                                                           ; Auto               ; Auto               ;
; Shift Register Replacement - Allow Asynchronous Clear Signal               ; On                 ; On                 ;
; Pre-Mapping Resynthesis Optimization                                       ; Off                ; Off                ;
; Analysis & Synthesis Message Level                                         ; Medium             ; Medium             ;
; Disable Register Merging Across Hierarchies                                ; Auto               ; Auto               ;
; Resource Aware Inference For Block RAM                                     ; On                 ; On                 ;
; Synthesis Seed                                                             ; 1                  ; 1                  ;
+----------------------------------------------------------------------------+--------------------+--------------------+


+------------------------------------------+
; Parallel Compilation                     ;
+----------------------------+-------------+
; Processors                 ; Number      ;
+----------------------------+-------------+
; Number detected on machine ; 2           ;
; Maximum allowed            ; 2           ;
;                            ;             ;
; Average used               ; 1.00        ;
; Maximum used               ; 1           ;
;                            ;             ;
; Usage by Processor         ; % Time Used ;
;     Processor 1            ; 100.0%      ;
;     Processor 2            ;   0.0%      ;
+----------------------------+-------------+


+-------------------------------+
; Analysis & Synthesis Messages ;
+-------------------------------+
Info: *******************************************************************
Info: Running Quartus II 32-bit Analysis & Synthesis
    Info: Version 13.1.2 Build 173 01/15/2014 SJ Full Version
    Info: Processing started: Fri May 30 16:06:58 2014
Info: Command: quartus_map --read_settings_files=on --write_settings_files=off TempoReacao -c TempoReacao
Info (20030): Parallel compilation is enabled and will use 2 of the 2 processors detected
Info (12021): Found 2 design units, including 1 entities, in source file bin7decoder.vhd
    Info (12022): Found design unit 1: Bin7SegDecoder-Behavioral
    Info (12023): Found entity 1: Bin7SegDecoder
Info (12021): Found 2 design units, including 1 entities, in source file reactiontimer.vhd
    Info (12022): Found design unit 1: ReactionTimer-Shell
    Info (12023): Found entity 1: ReactionTimer
Info (12021): Found 2 design units, including 1 entities, in source file lightcontrol.vhd
    Info (12022): Found design unit 1: lighcontrol-Behavioral
    Info (12023): Found entity 1: lighcontrol
Info (12021): Found 2 design units, including 1 entities, in source file divfreq.vhd
    Info (12022): Found design unit 1: DivFreq-RTL
    Info (12023): Found entity 1: DivFreq
Info (12021): Found 2 design units, including 1 entities, in source file aleatorio.vhd
    Info (12022): Found design unit 1: aleatorio-Behavioral
    Info (12023): Found entity 1: aleatorio
Info (12127): Elaborating entity "ReactionTimer" for the top level hierarchy
Warning (10492): VHDL Process Statement warning at ReactionTimer.vhd(43): signal "counter" is read inside the Process Statement but isn't in the Process Statement's sensitivity list
Warning (10492): VHDL Process Statement warning at ReactionTimer.vhd(43): signal "waittime" is read inside the Process Statement but isn't in the Process Statement's sensitivity list
Error (10821): HDL error at ReactionTimer.vhd(43): can't infer register for "tempo[0]" because its behavior does not match any supported register model File: Z:/ProjetoReacao/ReactionTimer.vhd Line: 43
Info (10041): Inferred latch for "tempo[0]" at ReactionTimer.vhd(41)
Error (10821): HDL error at ReactionTimer.vhd(43): can't infer register for "tempo[1]" because its behavior does not match any supported register model File: Z:/ProjetoReacao/ReactionTimer.vhd Line: 43
Info (10041): Inferred latch for "tempo[1]" at ReactionTimer.vhd(41)
Error (10821): HDL error at ReactionTimer.vhd(43): can't infer register for "tempo[2]" because its behavior does not match any supported register model File: Z:/ProjetoReacao/ReactionTimer.vhd Line: 43
Info (10041): Inferred latch for "tempo[2]" at ReactionTimer.vhd(41)
Error (10821): HDL error at ReactionTimer.vhd(43): can't infer register for "tempo[3]" because its behavior does not match any supported register model File: Z:/ProjetoReacao/ReactionTimer.vhd Line: 43
Info (10041): Inferred latch for "tempo[3]" at ReactionTimer.vhd(41)
Error (10821): HDL error at ReactionTimer.vhd(43): can't infer register for "tempo[4]" because its behavior does not match any supported register model File: Z:/ProjetoReacao/ReactionTimer.vhd Line: 43
Info (10041): Inferred latch for "tempo[4]" at ReactionTimer.vhd(41)
Error (10821): HDL error at ReactionTimer.vhd(43): can't infer register for "tempo[5]" because its behavior does not match any supported register model File: Z:/ProjetoReacao/ReactionTimer.vhd Line: 43
Info (10041): Inferred latch for "tempo[5]" at ReactionTimer.vhd(41)
Error (10821): HDL error at ReactionTimer.vhd(43): can't infer register for "tempo[6]" because its behavior does not match any supported register model File: Z:/ProjetoReacao/ReactionTimer.vhd Line: 43
Info (10041): Inferred latch for "tempo[6]" at ReactionTimer.vhd(41)
Error (10821): HDL error at ReactionTimer.vhd(43): can't infer register for "tempo[7]" because its behavior does not match any supported register model File: Z:/ProjetoReacao/ReactionTimer.vhd Line: 43
Info (10041): Inferred latch for "tempo[7]" at ReactionTimer.vhd(41)
Error (10821): HDL error at ReactionTimer.vhd(43): can't infer register for "tempo[8]" because its behavior does not match any supported register model File: Z:/ProjetoReacao/ReactionTimer.vhd Line: 43
Info (10041): Inferred latch for "tempo[8]" at ReactionTimer.vhd(41)
Error (10821): HDL error at ReactionTimer.vhd(43): can't infer register for "tempo[9]" because its behavior does not match any supported register model File: Z:/ProjetoReacao/ReactionTimer.vhd Line: 43
Info (10041): Inferred latch for "tempo[9]" at ReactionTimer.vhd(41)
Error (10821): HDL error at ReactionTimer.vhd(43): can't infer register for "tempo[10]" because its behavior does not match any supported register model File: Z:/ProjetoReacao/ReactionTimer.vhd Line: 43
Info (10041): Inferred latch for "tempo[10]" at ReactionTimer.vhd(41)
Error (10821): HDL error at ReactionTimer.vhd(43): can't infer register for "tempo[11]" because its behavior does not match any supported register model File: Z:/ProjetoReacao/ReactionTimer.vhd Line: 43
Info (10041): Inferred latch for "tempo[11]" at ReactionTimer.vhd(41)
Error (10821): HDL error at ReactionTimer.vhd(43): can't infer register for "tempo[12]" because its behavior does not match any supported register model File: Z:/ProjetoReacao/ReactionTimer.vhd Line: 43
Info (10041): Inferred latch for "tempo[12]" at ReactionTimer.vhd(41)
Error (10821): HDL error at ReactionTimer.vhd(43): can't infer register for "tempo[13]" because its behavior does not match any supported register model File: Z:/ProjetoReacao/ReactionTimer.vhd Line: 43
Info (10041): Inferred latch for "tempo[13]" at ReactionTimer.vhd(41)
Error (10821): HDL error at ReactionTimer.vhd(43): can't infer register for "counter[0]" because its behavior does not match any supported register model File: Z:/ProjetoReacao/ReactionTimer.vhd Line: 43
Info (10041): Inferred latch for "counter[0]" at ReactionTimer.vhd(41)
Error (10821): HDL error at ReactionTimer.vhd(43): can't infer register for "counter[1]" because its behavior does not match any supported register model File: Z:/ProjetoReacao/ReactionTimer.vhd Line: 43
Info (10041): Inferred latch for "counter[1]" at ReactionTimer.vhd(41)
Error (10821): HDL error at ReactionTimer.vhd(43): can't infer register for "counter[2]" because its behavior does not match any supported register model File: Z:/ProjetoReacao/ReactionTimer.vhd Line: 43
Info (10041): Inferred latch for "counter[2]" at ReactionTimer.vhd(41)
Error (10821): HDL error at ReactionTimer.vhd(43): can't infer register for "counter[3]" because its behavior does not match any supported register model File: Z:/ProjetoReacao/ReactionTimer.vhd Line: 43
Info (10041): Inferred latch for "counter[3]" at ReactionTimer.vhd(41)
Error (10821): HDL error at ReactionTimer.vhd(43): can't infer register for "counter[4]" because its behavior does not match any supported register model File: Z:/ProjetoReacao/ReactionTimer.vhd Line: 43
Info (10041): Inferred latch for "counter[4]" at ReactionTimer.vhd(41)
Error (12153): Can't elaborate top-level user hierarchy
Error: Quartus II 32-bit Analysis & Synthesis was unsuccessful. 20 errors, 2 warnings
    Error: Peak virtual memory: 382 megabytes
    Error: Processing ended: Fri May 30 16:07:03 2014
    Error: Elapsed time: 00:00:05
    Error: Total CPU time (on all processors): 00:00:02


